2026-09-23 12:50:44,299 | INFO | Report generation started
2026-09-23 12:50:48,826 | INFO | Found 0 valid submissions
2026-09-23 12:50:48,956 | INFO | Completed | Passed=0 Failed=0 Missing=0 Skipped=0
2026-09-23 12:53:00,252 | INFO | Report generation started
2026-09-23 12:53:03,299 | INFO | Found 0 valid submissions
2026-09-23 12:53:03,409 | INFO | Completed | Passed=0 Failed=0 Missing=0 Skipped=0
2026-09-23 12:58:43,198 | INFO | Report generation started
2026-09-23 12:58:46,675 | INFO | Found 0 valid submissions
2026-09-23 12:58:46,786 | INFO | Completed | Passed=0 Failed=0 Missing=0 Skipped=0
2026-09-23 13:14:45,653 | INFO | Report generation started
2026-09-23 13:14:49,549 | INFO | Found 0 valid submissions
2026-09-23 13:14:49,712 | INFO | Completed | Passed=0 Failed=0 Missing=0 Skipped=0
2026-09-23 13:17:26,828 | INFO | Report generation started
2026-09-23 13:17:34,360 | INFO | Found 0 valid submissions
2026-09-23 13:17:35,156 | INFO | Completed | Passed=0 Failed=0 Missing=0 Skipped=0
2026-09-23 13:32:53,878 | INFO | Report generation started
2026-09-23 13:32:59,036 | INFO | Found 0 valid submissions
2026-09-23 13:32:59,158 | INFO | Completed | Passed=0 Failed=0 Missing=0 Skipped=0
2026-09-23 13:48:54,055 | INFO | Report generation started
2026-09-23 13:48:57,770 | INFO | Found 2 valid submissions
2026-09-23 13:48:57,803 | INFO | Processing username=test 1
2026-09-23 13:52:05,096 | INFO | Report generation started
2026-09-23 13:52:08,165 | INFO | Found 2 valid submissions
2026-09-23 13:52:08,202 | INFO | Processing username=test 1
2026-09-23 13:57:51,253 | INFO | Report generation started
2026-09-23 13:57:54,471 | INFO | Found 2 valid submissions
2026-09-23 13:57:54,555 | INFO | Processing username=test 1
2026-09-23 14:03:05,123 | INFO | Report generation started
2026-09-23 14:03:08,471 | INFO | Found 2 valid submissions
2026-09-23 14:03:08,552 | INFO | Processing username=test 1
2026-09-23 14:03:11,950 | INFO | PASSED | test 1 | 2 / 4
2026-09-23 14:03:12,046 | INFO | Processing username=test 3
2026-09-23 14:03:15,110 | WARNING | test 3 not found in Google Sheet
2026-09-23 14:03:15,224 | INFO | Completed | Passed=1 Failed=0 Missing=1 Skipped=0
2026-09-23 14:57:12,935 | INFO | Report generation started
2026-09-23 14:57:16,532 | INFO | Found 2 valid submissions
2026-09-23 14:57:16,561 | INFO | Processing username=test 1
2026-09-23 14:57:19,852 | INFO | Skipped already processed: test 1
2026-09-23 14:57:19,946 | INFO | Processing username=test 3
2026-09-23 14:57:23,215 | WARNING | test 3 not found in Google Sheet
2026-09-23 14:57:23,388 | INFO | Completed | Passed=0 Failed=0 Missing=1 Skipped=1
2026-09-25 07:54:37,804 | INFO | Report generation started
2026-09-25 07:54:41,143 | INFO | Found 2 valid submissions
2026-09-25 07:54:41,170 | INFO | Processing username=test 1
2026-09-25 07:54:44,391 | INFO | Skipped already processed: test 1
2026-09-25 07:54:44,420 | INFO | Processing username=test 3
2026-09-25 07:54:47,591 | WARNING | test 3 not found in Google Sheet
2026-09-25 07:54:47,677 | INFO | Completed | Passed=0 Failed=0 Missing=1 Skipped=1
2026-09-25 08:13:06,370 | INFO | Report generation started
2026-09-25 08:13:09,640 | INFO | Found 2 valid submissions
2026-09-25 08:13:09,732 | INFO | Processing username=test 1
2026-09-25 08:13:12,866 | INFO | Skipped already processed: test 1
2026-09-25 08:13:12,944 | INFO | Processing username=test 3
2026-09-25 08:13:16,482 | WARNING | test 3 not found in Google Sheet
2026-09-25 08:13:16,567 | INFO | Completed | Passed=0 Failed=0 Missing=1 Skipped=1
